
            Receipt:
            
            Items:[apples  ProductUnit.KILO 5 1.99 9.95, toothbrush  ProductUnit.EACH 1 0.99 0.99]
   
            
            Discounts:[self.product=apples  ProductUnit.KILO self.description='5 for 1' self.discount_amount=-8.95]
   
            
            Total:1.9900000000000002
   
        
        
