
            Receipt:
            
            Items:[apples  ProductUnit.KILO 2.5 1.99 4.975, toothbrush  ProductUnit.EACH 1 0.99 0.99]
   
            
            Discounts:[self.product=apples  ProductUnit.KILO self.description='2 for 1' self.discount_amount=-3.9749999999999996]
   
            
            Total:1.9900000000000002
   
        
        
