
            Receipt:
            
            Items:[apples  ProductUnit.KILO 1 1.99 1.99, toothbrush  ProductUnit.EACH 1 0.99 0.99]
   
            
            Discounts:[]
   
            
            Total:2.98
   
        
        
