
            Receipt:
            
            Items:[apples  ProductUnit.KILO 1.0 1.99 1.99, toothbrush  ProductUnit.EACH 1.0 0.99 0.99]
   
            
            Discounts:[]
   
            
            Total:2.98
   
        
        
