
            Receipt:
            
            Items:[]
   
            
            Discounts:[]
   
            
            Total:0
   
        
        
